50 50
wwwwwwwwwwwwwwwwwwwwwwwwwwwwwwwwwwwwwwwwwwwwwwwwww
wcpcffffffffcffffffffffffcfffffffffcffffffffcfcfcw
wfwfwwwwwwwwfwwwwwwwwwwwwfwwwwwwwwwfwwwwwwwwfwfwfw
wfwcffffffffcfffffcffffffcfffffffffcfffffcffcfcfcw
wfwfwwwwwwwwwwwwwwfwwwwwwwwwwwwwwwwwwwwwwfwwfwfwfw
wfwcfcffffffcfffffcfcfcfcfffffffcfcfffcffcffcfcfcw
wfwfwfwwwwwwfwwwwwwwfwfwfwwwwwwwfwfwwwfwwfwwfwfwfw
wfwfwfwwwwwwcfffcwwwfwfwfwwwwwwwfwfwwwfwwfwwfwfwfw
wfwfwfwwwwwwwwwwcfffcfcwfwwwwwwwcfcfffcwwfwwfwfwfw
wcfcwfwwwwwcfcwwfwwwwwwwfwwwwwwwfwfwwwfwwfwwfwfwfw
wfwfwfwwwwwfwfwwfwcfffcfcfcfcwwwfwfwwwfwwfwwfwfwfw
wfwfwfwcfffcwfwwfwfwwwfwwwfwfwwwcfcfcwcffcffcwfwfw
wfwfwfwfwwwfwcffcwfwwwcfffcwfwwwfwwwfwfwwfwwfwcfcw
wfwfwfwfwwwfwwwwwwfwwwwwwwfwfwwwfwwwfwfwwfwwfwfwfw
wfwfwfwfwcfcffcfffcffffcffcwfwwwcfcfcfcwwfwwfwfwfw
wfwcfcwfwfwwwwfwwwfwwwwfwwwwfwwwfwfwwwfwwfwwcfcwfw
wfwfwfwfwfwwwwcfcfcwwwwcffffcwwwfwcfcwfwwfwwfwfwfw
wfwfwfwfwfwwwwfwfwfwwwwfwwwwwwwwfwwwfwcffcffcwfwfw
wfwfwfwfwcffffcwfwcfcffcwwwwwwwwfwwwfwfwwfwwcfcwfw
wfwfwfwfwwwwwwwwfwwwfwwwwwwwwwwwcfffcfcwwfwwfwfwfw
wfwfwfwcfffcwwwwfwwwfwwwwwwwwwwwfwwwwwfwwfwwfwfwfw
wfwfwfwwwwwfwwwwfwwwfwwwwwwwwwwwcfffffcffcffcwfwfw
wfwcfcwwwwwcffffcfffcfcffcffcfcwfwwwwwwwwwwwfwfwfw
wfwfwfwwwwwwwwwwfwwwwwfeefwwfwfwfwwwwwwwwwwwfwfwfw
wfwfwcfffffcwwwwfwwwwwfeefwwfwfwfwcfffffcwwwfwfwfw
wfwfwfwwwwwfwwwwfwwwwwfeefwwfwfwfwfwwwwwfwwwcfcwfw
wfwfwfwwwwwfwwwwfwwwwwcffcffcwcfcwcfffcwfwwwfwfwfw
wfwfwfwwwwwcffffcwwwwwwwwwwwwwwwwwwwwwfwfwwwfwfwfw
wcfcwfwwwwwwwwwwwwwwcffffcwwwwwwwwwwwwfwfwwwfwfwfw
wfwfwfwwwwwwwwwcffcwfwwwwfwwcfffffffcwfwfwwwfwfwfw
wfwfwfwwcffcwwwfwwfwcffcwfwwfwwwwwwwfwfwfwwwfwcfcw
wfwfwfwwfwwfwwwfwwfwwwwfwfwwcfffcwwwfwfwfwwwfwfwfw
wfwfwfwwfwwfwwwfwwcffcwfwfwwwwwwfwwwfwfwfwwwfwfwfw
wfwcfcffcwwfwwwfwwwwwfwfwfwcfcwwfwwwcfcwcfffcfcwfw
wfwfwfwwwwwfwwwfwwwwwfwfwfwfwfwwfwwwwwwwwwwwfwfwfw
wfwfwfwwwwwfwwwfwwwwwcfcfcwfwfwwcfffffffffcwfwfwfw
wfwfwfwwwwwcfffcwwwwwwwfwfwfwfwwwwwwwwwwwwfwfwfwfw
wfwfwfwwwwwwwwwwwwwwwwwcfcfcfcffffffffffffcwfwfwfw
wfwfwfwwwwwwwwwwwwwwwwwwwwwwwwwwwwwwwwwwwwwwfwcfcw
wfwfwcfffffffffcffffffffffcfffffffcfffcfffffcwfwfw
wfwfwfwwwwwwwwwfwwwwwwwwwwfwwwwwwwfwwwfwwwwwfwfwfw
wfwcfcwwwwwwwwwfwwwwwwwwwwfwwwwwwwfwwwfwwwwwfwfwfw
wfwfwfwwwwwwwwwcffffffffffcfffffffcfcfcwwwwwfwfwfw
wfwfwfwwwwwwwwwfwwwwwwwwwwfwwwwwwwwwfwwwwwwwfwfwfw
wfwfwcffffcffffcffcfffffffcffffffcffcfffffffcwfwfw
wfwfwwwwwwfwwwwwwwfwwwwwwwwwwwwwwfwwwwwwwwwwwwfwfw
wfwcffffffcfffffffcfffcffffffffffcffffffffffffcwfw
wfwwwwwwwwfwwwwwwwwwwwfwwwwwwwwfwwwwwwwwwwwwwwwwfw
wcffffffffcfffffffffffcffffffffcffffffffffffffffcw
wwwwwwwwwwwwwwwwwwwwwwwwwwwwwwwwwwwwwwwwwwwwwwwwww
