50 50
wwwwwwwwwwwwwwwwwwwwwwwwwwwwwwwwwwwwwwwwwwwwwwwwww
wfpffffffffffffffffffffffffffffffffffffffffffffffw
wfwfwwwwwwwwfwwwwwwwwwwwwfwwwwwwwwwfwwwwwwwwfwfwfw
wfwffffffffffffffffffffffffffffffffffffffffffffffw
wfwfwwwwwwwwwwwwwwfwwwwwwwwwwwwwwwwwwwwwwfwwfwfwfw
wfwffffffffffffffffffffffffffffffffffffffffffffffw
wfwfwfwwwwwwfwwwwwwwfwfwfwwwwwwwfwfwwwfwwfwwfwfwfw
wfwfwfwwwwwwfffffwwwfwfwfwwwwwwwfwfwwwfwwfwwfwfwfw
wfwfwfwwwwwwwwwwfffffffwfwwwwwwwfffffffwwfwwfwfwfw
wfffwfwwwwwfffwwfwwwwwwwfwwwwwwwfwfwwwfwwfwwfwfwfw
wfwfwfwwwwwfwfwwfwfffffffffffwwwfwfwwwfwwfwwfwfwfw
wfwfwfwfffffwfwwfwfwwwfwwwfwfwwwfffffwfffffffwfwfw
wfwfwfwfwwwfwffffwfwwwfffffwfwwwfwwwfwfwwfwwfwfffw
wfwfwfwfwwwfwwwwwwfwwwwwwwfwfwwwfwwwfwfwwfwwfwfwfw
wfwfwfwfwffffffffffffffffffwfwwwfffffffwwfwwfwfwfw
wfwfffwfwfwwwwfwwwfwwwwfwwwwfwwwfwfwwwfwwfwwfffwfw
wfwfwfwfwfwwwwfffffwwwwffffffwwwfwfffwfwwfwwfwfwfw
wfwfwfwfwfwwwwfwfwfwwwwfwwwwwwwwfwwwfwfffffffwfwfw
wfwfwfwfwffffffwfwffffffwwwwwwwwfwwwfwfwwfwwfffwfw
wfwfwfwfwwwwwwwwfwwwfwwwwwwwwwwwfffffffwwfwwfwfwfw
wfwfwfwfffffwwwwfwwwfwwwwwwwwwwwfwwwwwfwwfwwfwfwfw
wfwfwfwwwwwfwwwwfwwwfwwwwwwwwwwwfffffffffffffwfwfw
wfwfffwwwwwffffffffffffffffffffwfwwwwwwwwwwwfwfwfw
wfwfwfwwwwwwwwwwfwwwwwfeefwwfwfwfwwwwwwwwwwwfwfwfw
wfwfwfffffffwwwwfwwwwwfeefwwfwfwfwfffffffwwwfwfwfw
wfwfwfwwwwwfwwwwfwwwwwfeefwwfwfwfwfwwwwwfwwwfffwfw
wfwfwfwwwwwfwwwwfwwwwwfffffffwfffwfffffwfwwwfwfwfw
wfwfwfwwwwwffffffwwwwwwwwwwwwwwwwwwwwwfwfwwwfwfwfw
wfffwfwwwwwwwwwwwwwwffffffwwwwwwwwwwwwfwfwwwfwfwfw
wfwfwfwwwwwwwwwffffwfwwwwfwwfffffffffwfwfwwwfwfwfw
wfwfwfwwffffwwwfwwfwffffwfwwfwwwwwwwfwfwfwwwfwfffw
wfwfwfwwfwwfwwwfwwfwwwwfwfwwfffffwwwfwfwfwwwfwfwfw
wfwfwfwwfwwfwwwfwwffffwfwfwwwwwwfwwwfwfwfwwwfwfwfw
wfwffffffwwfwwwfwwwwwfwfwfwfffwwfwwwfffwfffffffwfw
wfwfwfwwwwwfwwwfwwwwwfwfwfwfwfwwfwwwwwwwwwwwfwfwfw
wfwfwfwwwwwfwwwfwwwwwfffffwfwfwwfffffffffffwfwfwfw
wfwfwfwwwwwfffffwwwwwwwfwfwfwfwwwwwwwwwwwwfwfwfwfw
wfwfwfwwwwwwwwwwwwwwwwwffffffffffffffffffffwfwfwfw
wfwfwfwwwwwwwwwwwwwwwwwwwwwwwwwwwwwwwwwwwwwwfwfffw
wfwfwffffffffffffffffffffffffffffffffffffffffwfwfw
wfwfwfwwwwwwwwwfwwwwwwwwwwfwwwwwwwfwwwfwwwwwfwfwfw
wfwfffwwwwwwwwwfwwwwwwwwwwfwwwwwwwfwwwfwwwwwfwfwfw
wfwfwfwwwwwwwwwffffffffffffffffffffffffwwwwwfwfwfw
wfwfwfwwwwwwwwwfwwwwwwwwwwfwwwwwwwwwfwwwwwwwfwfwfw
wfwfwffffffffffffffffffffffffffffffffffffffffwfwfw
wfwfwwwwwwfwwwwwwwfwwwwwwwwwwwwwwfwwwwwwwwwwwwfwfw
wfwffffffffffffffffffffffffffffffffffffffffffffwfw
wfwwwwwwwwfwwwwwwwwwwwfwwwwwwwwfwwwwwwwwwwwwwwwwfw
wffffffffffffffffffffffffffffffffffffffffffffffffw
wwwwwwwwwwwwwwwwwwwwwwwwwwwwwwwwwwwwwwwwwwwwwwwwww
