33 34
wwwwwwwwwwwwwwwwwwwwwwwwwwwwwwwwww
wfpfffffffffffffffffffffffffwwwwww
wfwwwwwwwwwwwfwwwwwwwwfwwwwfwwwwww
wfffwwwwwwwwwfwwwwwwwwfwwwwfwwwwww
wfwfwwwwwwwwwfwwwwwwwwfwwwwfwwwwww
wfwfffwwwwwwwfwwwwwwwwfwwwwfwwwwww
wfwwwfwwwwwwwfffffffffffffffwwwwww
wfwwwfffwwwwwfwwwwwwwwfwwwwfwwwwww
wfwwwwwfwwwwwfwwwwwwwwfwwwwfwwwwww
wfwwwwwfffwwwffffwwwwwfwwwwfwwwwww
wfwwwwwwwfwwwfwwfwwwfffwwwwfwwwwww
wfffffffffffffwwfwwwfwfwwwwfwwwwww
wfwwwfwwwwwfwwwwfffffwfwwwwfwwwwww
wfwwwfwwwwwfffwwwwwwwwfwwwwfwwwwww
wfwwwfwwwwwfwfwwwwwwwwffffffwwwwww
wfwwwfwwffffwfffwwwwwwwwwwwfwwwwww
wfwwwfwwfwwwwwwfwwwwwwwwwwwfwwwwww
wfwwwffffwwwwwwfffwwwwwwwwwfwwwwww
wfwwwfwwwwwwwwwwwfwwwwwwwwwffffffw
wfffffffffffffffffffwwwwwwwfwwwwfw
wfwwwwwwwwfwwwwwwwwfwwwwwwwfwwwwfw
wfwwwwwwwwfwwwwwwwwfffffffffwwwwfw
wfwwwwwwwwfwwwwwwwwwwfwwwwwfwwwwfw
wfffffffffffffffffffffffwwwffffffw
wfwwwwwwwwfwwwwwwwwwwwwfwwwfwwwwfw
wfwwwwwwwwfwwwwwwwwwwwwfffwfwwwwfw
wfwwwwwwwwfwwwwwwwwwwwwwwfwfwwwwfw
wfffffffffffffffffffffffffffwwwwfw
wwwwwwwwwwwwwwwwwfwwwwwwwwwffffffw
wwwwwwwwwwwwwwwwwfwwwwwwwwwwwfeefw
wwwwwwwwwwwwwwwwwfwwwwwwwwwwwfeefw
wwwwwwwwwwwwwwwwwffffffffffffffffw
wwwwwwwwwwwwwwwwwwwwwwwwwwwwwwwwww
