33 34
wwwwwwwwwwwwwwwwwwwwwwwwwwwwwwwwww
wcpffffffffffcffffffffcffffcwwwwww
wfwwwwwwwwwwwfwwwwwwwwfwwwwfwwwwww
wcfcwwwwwwwwwfwwwwwwwwfwwwwfwwwwww
wfwfwwwwwwwwwfwwwwwwwwfwwwwfwwwwww
wfwcfcwwwwwwwfwwwwwwwwfwwwwfwwwwww
wfwwwfwwwwwwwcffffffffcffffcwwwwww
wfwwwcfcwwwwwfwwwwwwwwfwwwwfwwwwww
wfwwwwwfwwwwwfwwwwwwwwfwwwwfwwwwww
wfwwwwwcfcwwwcffcwwwwwfwwwwfwwwwww
wfwwwwwwwfwwwfwwfwwwcfcwwwwfwwwwww
wcfffcfffcfcfcwwfwwwfwfwwwwfwwwwww
wfwwwfwwwwwfwwwwcfffcwfwwwwfwwwwww
wfwwwfwwwwwcfcwwwwwwwwfwwwwfwwwwww
wfwwwfwwwwwfwfwwwwwwwwcffffcwwwwww
wfwwwfwwcffcwcfcwwwwwwwwwwwfwwwwww
wfwwwfwwfwwwwwwfwwwwwwwwwwwfwwwwww
wfwwwcffcwwwwwwcfcwwwwwwwwwfwwwwww
wfwwwfwwwwwwwwwwwfwwwwwwwwwcffffcw
wcfffcffffcffffffcfcwwwwwwwfwwwwfw
wfwwwwwwwwfwwwwwwwwfwwwwwwwfwwwwfw
wfwwwwwwwwfwwwwwwwwcfcfffffcwwwwfw
wfwwwwwwwwfwwwwwwwwwwfwwwwwfwwwwfw
wcffffffffcffffffffffcfcwwwcffffcw
wfwwwwwwwwfwwwwwwwwwwwwfwwwfwwwwfw
wfwwwwwwwwfwwwwwwwwwwwwcfcwfwwwwfw
wfwwwwwwwwfwwwwwwwwwwwwwwfwfwwwwfw
wcffffffffcffffffcfffffffcfcwwwwfw
wwwwwwwwwwwwwwwwwfwwwwwwwwwcfcffcw
wwwwwwwwwwwwwwwwwfwwwwwwwwwwwfeefw
wwwwwwwwwwwwwwwwwfwwwwwwwwwwwfeefw
wwwwwwwwwwwwwwwwwcfffffffffffcffcw
wwwwwwwwwwwwwwwwwwwwwwwwwwwwwwwwww
