40 41
wwwwwwwwwwwwwwwwwwwwwwwwwwwwwwwwwwwwwwwww
wwwwwwwwwwwwwwwwwwwwffffffffwwwwwwwwwwwww
wwwwwwwwwwwwwwwwwwwwfwwwwwwfwwwwwwwwwwwww
wwwwwwwwwwwwwwwwwwwwpwwwwwwfffffwwwwwwwww
wwwwwwwwwwwwwwwwwwwwfffwwwwwwwwfwwwwwwwww
wwwwwwwwwwwwwwwwwwwwfwfwwwwwwwwfwwwwwwwww
wwwwwwwwwwwwwwwwwwwwfwfffffffwwffffffwwww
wwwwwwwwwwwwwwwwwwwwfwwwwwwwfwwwwwwwfwwww
wwwwwwwwwwwwwwwwwwwwfffffffffffffwwwfwwww
wwwwwwwwwwwwwwwwwwwwfwwwwwwwfwwwfwwwfwwww
wwwwwwwwwwwwwwwwwwwwfwwwwwwwfwwwfwwwfwwww
wwwwwwwwwwwwwwwwwwwwfwwwwwwwfwwwfwwwfwwww
wwwwwwwwwwwffffffffwfwwwwwffffffffffffffw
wwwwwwwwwwwfwwwwwwfwfwwwwwfwwwwwwwwwwwwfw
wwwwwwwwwwwffwwwwwfwfwwwfffffffffffwwwwfw
wwwwwwwwwwwwfffwwwfwfwwwfwfwwwwwfwfwwwwfw
wwwwwwwwwwwwwwfwwwfwfwfffwfwwwwwfwfffwwfw
wwwwwwwwwwwwwwfwwwfwfwfwwwfffffffwfwfwwfw
wwwwwwwwfffffffffffffffwwwwwwwwwwwffffffw
wwwwwwwwfwwwfwwwwwfeeefwwwwwwwwwwwfwwwwfw
wffffffffffffffffffeeeffffffffffffffffffw
wfwwwwwwwwwwwwwwwwfeeefwwwfwwwwwwwwwwwwww
wfwwwwwwwwwwwwwwwwfffffffffwwwwwwwwwwwwww
wfwwwwwwwwwwwwwwwwwwfwfwwwfwwwwwwwwwwwwww
wfffffwwwwwwwwwwwwwwfwfwwwfwwwwwwwwwwwwww
wwwwwfwwwwwwwwwwwwwwfffffffwwwwwwwwwwwwww
wwwwwfwwwwwwwwwwwwwwfwwwwwwwwwwwwwwwwwwww
wwwwwfffffffwwwwwwwwfwwwwwwwwwwwwwwwwwwww
wwwwwfwwwwwfwwfffffffwwwwwwwwwwwwwwwwwwww
wwwwwfffffwfwwfwwwwwfwwwwwwwwwwwwwwwwwwww
wwwwwwwwwfwfwwfwfffffwwwwwwwwwwwwwwwwwwww
wwwwwwwwwfwffffwfwwwfwwwwwwwwwwwwwwwwwwww
wwwwwwwwwfwwwwwwfwwwfwwwwwwwwwwwwwwwwwwww
wwwwwwwwwffffffffwwwfwwwwwwwwwwwwwwwwwwww
wwwwwwwwwwwwwfwwwwwwfwwwwwwwwwwwwwwwwwwww
wwwwwwwwwwwwwfwwwwwwfwwwwwwwwwwwwwwwwwwww
wwwwwwwwwwwwwfwwwwwwfwwwwwwwwwwwwwwwwwwww
wwwwwwwwwwwwwffffwwwfwwwwwwwwwwwwwwwwwwww
wwwwwwwwwwwwwwwwfwwwfwwwwwwwwwwwwwwwwwwww
wwwwwwwwwwwwwwwwfffffwwwwwwwwwwwwwwwwwwww
wwwwwwwwwwwwwwwwwwwwwwwwwwwwwwwwwwwwwwwww
