40 41
wwwwwwwwwwwwwwwwwwwwwwwwwwwwwwwwwwwwwwwww
wwwwwwwwwwwwwwwwwwwwcffffffcwwwwwwwwwwwww
wwwwwwwwwwwwwwwwwwwwfwwwwwwfwwwwwwwwwwwww
wwwwwwwwwwwwwwwwwwwwpwwwwwwcfffcwwwwwwwww
wwwwwwwwwwwwwwwwwwwwcfcwwwwwwwwfwwwwwwwww
wwwwwwwwwwwwwwwwwwwwfwfwwwwwwwwfwwwwwwwww
wwwwwwwwwwwwwwwwwwwwfwcfffffcwwcffffcwwww
wwwwwwwwwwwwwwwwwwwwfwwwwwwwfwwwwwwwfwwww
wwwwwwwwwwwwwwwwwwwwcfffffffcfffcwwwfwwww
wwwwwwwwwwwwwwwwwwwwfwwwwwwwfwwwfwwwfwwww
wwwwwwwwwwwwwwwwwwwwfwwwwwwwfwwwfwwwfwwww
wwwwwwwwwwwwwwwwwwwwfwwwwwwwfwwwfwwwfwwww
wwwwwwwwwwwcffffffcwfwwwwwcfcfffcfffcffcw
wwwwwwwwwwwfwwwwwwfwfwwwwwfwwwwwwwwwwwwfw
wwwwwwwwwwwcfwwwwwfwfwwwcfcfffffcfcwwwwfw
wwwwwwwwwwwwcfcwwwfwfwwwfwfwwwwwfwfwwwwfw
wwwwwwwwwwwwwwfwwwfwfwcfcwfwwwwwfwcfcwwfw
wwwwwwwwwwwwwwfwwwfwfwfwwwcfffffcwfwfwwfw
wwwwwwwwcfffcfcfffcfcfcwwwwwwwwwwwcfcffcw
wwwwwwwwfwwwfwwwwwfeeefwwwwwwwwwwwfwwwwfw
wcffffffcfffcfffffceeecfffcfffffffcffffcw
wfwwwwwwwwwwwwwwwwfeeefwwwfwwwwwwwwwwwwww
wfwwwwwwwwwwwwwwwwcfcfcfffcwwwwwwwwwwwwww
wfwwwwwwwwwwwwwwwwwwfwfwwwfwwwwwwwwwwwwww
wcfffcwwwwwwwwwwwwwwfwfwwwfwwwwwwwwwwwwww
wwwwwfwwwwwwwwwwwwwwcfcfffcwwwwwwwwwwwwww
wwwwwfwwwwwwwwwwwwwwfwwwwwwwwwwwwwwwwwwww
wwwwwcfffffcwwwwwwwwfwwwwwwwwwwwwwwwwwwww
wwwwwfwwwwwfwwcfffffcwwwwwwwwwwwwwwwwwwww
wwwwwcfffcwfwwfwwwwwfwwwwwwwwwwwwwwwwwwww
wwwwwwwwwfwfwwfwcfffcwwwwwwwwwwwwwwwwwwww
wwwwwwwwwfwcffcwfwwwfwwwwwwwwwwwwwwwwwwww
wwwwwwwwwfwwwwwwfwwwfwwwwwwwwwwwwwwwwwwww
wwwwwwwwwcfffcffcwwwfwwwwwwwwwwwwwwwwwwww
wwwwwwwwwwwwwfwwwwwwfwwwwwwwwwwwwwwwwwwww
wwwwwwwwwwwwwfwwwwwwfwwwwwwwwwwwwwwwwwwww
wwwwwwwwwwwwwfwwwwwwfwwwwwwwwwwwwwwwwwwww
wwwwwwwwwwwwwcffcwwwfwwwwwwwwwwwwwwwwwwww
wwwwwwwwwwwwwwwwfwwwfwwwwwwwwwwwwwwwwwwww
wwwwwwwwwwwwwwwwcfffcwwwwwwwwwwwwwwwwwwww
wwwwwwwwwwwwwwwwwwwwwwwwwwwwwwwwwwwwwwwww
