33 33
wwwwwwwwwwwwwwwwwwwwwwwwwwwwwwwww
wcpfcffcffcffcffcffcffcffcffcffcw
wfwwfwwfwwfwwfwwfwwfwwfwwfwwfwwfw
wfwwfwwfwwfwwfwwfwwfwwfwwfwwfwwfw
wcffcffcffcffcffcffcffcffcffcffcw
wfwwfwwfwwfwwfwwfwwfwwfwwfwwfwwfw
wfwwfwwfwwfwwfwwfwwfwwfwwfwwfwwfw
wcffcffcffcffcffcffcffcffcffcffcw
wfwwfwwfwwfwwfwwfwwfwwfwwfwwfwwfw
wfwwfwwfwwfwwfwwfwwfwwfwwfwwfwwfw
wcffcffcffcffcffcffcffcffcffcffcw
wfwwfwwfwwfwwfwwfwwfwwfwwfwwfwwfw
wfwwfwwfwwfwwfwwfwwfwwfwwfwwfwwfw
wcffcffcffcffcffcffcffcffcffcffcw
wfwwfwwfwwfwwfwwfwwfwwfwwfwwfwwfw
wfwwfwwfwwfwwfwwfwwfwwfwwfwwfwwfw
wcffcffcffcffcffcffcffcffcffcffcw
wfwwfwwfwwfwwfwwfwwfwwfwwfwwfwwfw
wfwwfwwfwwfwwfwwfwwfwwfwwfwwfwwfw
wcffcffcffcffcffcffcffcffcffcffcw
wfwwfwwfwwfwwfwwfwwfwwfwwfwwfwwfw
wfwwfwwfwwfwwfwwfwwfwwfwwfwwfwwfw
wcffcffcffcffcffcffcffcffcffcffcw
wfwwfwwfwwfwwfwwfwwfwwfwwfwwfwwfw
wfwwfwwfwwfwwfwwfwwfwwfwwfwwfwwfw
wcffcffcffcffcffcffcffcffcffcffcw
wfwwfwwfwwfwwfwwfwwfwwfwwfwwfwwfw
wfwwfwwfwwfwwfwwfwwfwwfwwfwwfwwfw
wcffcffcffcffcffcffcffcffcffcffcw
wfwwfwwfwwfwwfwwfwwfwwfwwfwwfwwfw
wfwwfwwfwwfwwfwwfwwfwwfwwfwwfwefw
wcffcffcffcffcffcffcffcffcffcffcw
wwwwwwwwwwwwwwwwwwwwwwwwwwwwwwwww
