33 33
wwwwwwwwwwwwwwwwwwwwwwwwwwwwwwwww
wfpfffffffffffffffffffffffffffffw
wfwwfwwfwwfwwfwwfwwfwwfwwfwwfwwfw
wfwwfwwfwwfwwfwwfwwfwwfwwfwwfwwfw
wfffffffffffffffffffffffffffffffw
wfwwfwwfwwfwwfwwfwwfwwfwwfwwfwwfw
wfwwfwwfwwfwwfwwfwwfwwfwwfwwfwwfw
wfffffffffffffffffffffffffffffffw
wfwwfwwfwwfwwfwwfwwfwwfwwfwwfwwfw
wfwwfwwfwwfwwfwwfwwfwwfwwfwwfwwfw
wfffffffffffffffffffffffffffffffw
wfwwfwwfwwfwwfwwfwwfwwfwwfwwfwwfw
wfwwfwwfwwfwwfwwfwwfwwfwwfwwfwwfw
wfffffffffffffffffffffffffffffffw
wfwwfwwfwwfwwfwwfwwfwwfwwfwwfwwfw
wfwwfwwfwwfwwfwwfwwfwwfwwfwwfwwfw
wfffffffffffffffffffffffffffffffw
wfwwfwwfwwfwwfwwfwwfwwfwwfwwfwwfw
wfwwfwwfwwfwwfwwfwwfwwfwwfwwfwwfw
wfffffffffffffffffffffffffffffffw
wfwwfwwfwwfwwfwwfwwfwwfwwfwwfwwfw
wfwwfwwfwwfwwfwwfwwfwwfwwfwwfwwfw
wfffffffffffffffffffffffffffffffw
wfwwfwwfwwfwwfwwfwwfwwfwwfwwfwwfw
wfwwfwwfwwfwwfwwfwwfwwfwwfwwfwwfw
wfffffffffffffffffffffffffffffffw
wfwwfwwfwwfwwfwwfwwfwwfwwfwwfwwfw
wfwwfwwfwwfwwfwwfwwfwwfwwfwwfwwfw
wfffffffffffffffffffffffffffffffw
wfwwfwwfwwfwwfwwfwwfwwfwwfwwfwwfw
wfwwfwwfwwfwwfwwfwwfwwfwwfwwfwefw
wfffffffffffffffffffffffffffffffw
wwwwwwwwwwwwwwwwwwwwwwwwwwwwwwwww
