16 90
wwwwwwwwwwwwwwwwwwwwwwwwwwwwwwwwwwwwwwwwwwwwwwwwwwwwwwwwwwwwwwwwwwwwwwwwwwwwwwwwwwwwwwwwww
wwwffffffffffffffwwwwwwwwwwwwwwwwwwfwwwwwwwwwwwwwwwwwwwwfwwwwwwwwwwwwwwwwfwwwwwwwwwwwwwwww
wwwfwwwwwwwwwwwwfwwwwwwwwwwwwwwwwwwfwwwwwwwwwwwwwwwwwwwwfwwwwwwwwwwwwwwwwfwwwwwwwwwwwwwwww
wfpfffffffffffffffffffffffffffffffffffffffffffffffffffffffffffffffffffffffffffffffffffffew
wwwwwfwwwwwwwwwwwwwwwwwwwwwwwwfwwwwwwwwwfwwfwwwwwfwwwwwwwwwwwwwwwwwfwwwwwwwwwwwwwwwwwwwwww
wwwwwfwwwwwwwwffffffffwwwwwwwwffffffwwwwfwwfwwwwwfwwwwwwwwwwwwwwwwwfwwwwwwwwwwwwwwwwwwwwww
wwwwwffffffffwfwfwwwwfwwwwwwwwwwwwwfwwwwwwwfwwwwwwwwwwwwwwwwwwwwwwwwwwwwwwwwwwwwwwwwwwwwww
wwwwwfwwwwwwfwfwffffffffffffffffwwwfffffffffwwwwwwwwwwwwwwwwwwwwwwwwwwwwwwwwwwwwwwwwwwwwww
wwwfffwwwwwwfwfwfwwwwwwwwwwwwwwfwwwwwwwwwwwwwwwwwwwwwwwwwwwwwwwwwwwwwwwwwwwwwwwwwwwwwwwwww
wwwfwfwwfffffffffwwwwfffffffwwwfwwwwwwwwwwwwwwwwwwwwwwwwwwwwwwwwwwwwwwwwwwwwwwwwwwwwwwwwww
wwwfwffffwwwfwwwfwwwwfwwwwwfwwwfwwwwwwwwwwwwwwwwwwwwwwwwwwwwwwwwwwwwwwwwwwwwwwwwwwwwwwwwww
wwwfwfwwfwwwfwwwffffffffffffffffwwwwwwwwwwwwwwwwwwwwwwwwwwwwwwwwwwwwwwwwwwwwwwwwwwwwwwwwww
wwwfffwwfwwwfwwwfwwwwfwwwwwfwwwwwwwwwwwwwwwwwwwwwwwwwwwwwwwwwwwwwwwwwwwwwwwwwwwwwwwwwwwwww
wwwfwfwwfffffffffwwwwfffffffwwwwwwwwwwwwwwwwwwwwwwwwwwwwwwwwwwwwwwwwwwwwwwwwwwwwwwwwwwwwww
wwwffffffwwwwwwwwwwwwwwwwwwwwwwwwwwwwwwwwwwwwwwwwwwwwwwwwwwwwwwwwwwwwwwwwwwwwwwwwwwwwwwwww
wwwwwwwwwwwwwwwwwwwwwwwwwwwwwwwwwwwwwwwwwwwwwwwwwwwwwwwwwwwwwwwwwwwwwwwwwwwwwwwwwwwwwwwwww
