16 90
wwwwwwwwwwwwwwwwwwwwwwwwwwwwwwwwwwwwwwwwwwwwwwwwwwwwwwwwwwwwwwwwwwwwwwwwwwwwwwwwwwwwwwwwww
wwwcffffffffffffcwwwwwwwwwwwwwwwwwwcwwwwwwwwwwwwwwwwwwwwcwwwwwwwwwwwwwwwwcwwwwwwwwwwwwwwww
wwwfwwwwwwwwwwwwfwwwwwwwwwwwwwwwwwwfwwwwwwwwwwwwwwwwwwwwfwwwwwwwwwwwwwwwwfwwwwwwwwwwwwwwww
wcpcfcffffffffffcfffffffffffffcffffcffffcffcfffffcffffffcffffffffffcfffffcfffffffffffffcew
wwwwwfwwwwwwwwwwwwwwwwwwwwwwwwfwwwwwwwwwfwwfwwwwwfwwwwwwwwwwwwwwwwwfwwwwwwwwwwwwwwwwwwwwww
wwwwwfwwwwwwwwcfcffffcwwwwwwwwcffffcwwwwcwwfwwwwwcwwwwwwwwwwwwwwwwwcwwwwwwwwwwwwwwwwwwwwww
wwwwwcffffffcwfwfwwwwfwwwwwwwwwwwwwfwwwwwwwfwwwwwwwwwwwwwwwwwwwwwwwwwwwwwwwwwwwwwwwwwwwwww
wwwwwfwwwwwwfwfwcffffcfffffffffcwwwcfffffffcwwwwwwwwwwwwwwwwwwwwwwwwwwwwwwwwwwwwwwwwwwwwww
wwwcfcwwwwwwfwfwfwwwwwwwwwwwwwwfwwwwwwwwwwwwwwwwwwwwwwwwwwwwwwwwwwwwwwwwwwwwwwwwwwwwwwwwww
wwwfwfwwcfffcfcfcwwwwcfffffcwwwfwwwwwwwwwwwwwwwwwwwwwwwwwwwwwwwwwwwwwwwwwwwwwwwwwwwwwwwwww
wwwfwcffcwwwfwwwfwwwwfwwwwwfwwwfwwwwwwwwwwwwwwwwwwwwwwwwwwwwwwwwwwwwwwwwwwwwwwwwwwwwwwwwww
wwwfwfwwfwwwfwwwcffffcfffffcfffcwwwwwwwwwwwwwwwwwwwwwwwwwwwwwwwwwwwwwwwwwwwwwwwwwwwwwwwwww
wwwcfcwwfwwwfwwwfwwwwfwwwwwfwwwwwwwwwwwwwwwwwwwwwwwwwwwwwwwwwwwwwwwwwwwwwwwwwwwwwwwwwwwwww
wwwfwfwwcfffcfffcwwwwcfffffcwwwwwwwwwwwwwwwwwwwwwwwwwwwwwwwwwwwwwwwwwwwwwwwwwwwwwwwwwwwwww
wwwcfcffcwwwwwwwwwwwwwwwwwwwwwwwwwwwwwwwwwwwwwwwwwwwwwwwwwwwwwwwwwwwwwwwwwwwwwwwwwwwwwwwww
wwwwwwwwwwwwwwwwwwwwwwwwwwwwwwwwwwwwwwwwwwwwwwwwwwwwwwwwwwwwwwwwwwwwwwwwwwwwwwwwwwwwwwwwww
