51 49
wwwwwwwwwwwwwwwwwwwwwwwwwwwwwwwwwwwwwwwwwwwwwwwww
wcpfcffcwwwwwwwwwwwwwwwwwwwwwwwwwwwwwwwwwcffcffcw
wfwwfwwfwwwwwwwwwwwwwwwwwwwwwwwwwwwwwwwwwfwwfwwfw
wfwwfwwfwwwwwwwwwwwwwwwwwwwwwwwwwwwwwwwwwfwwfwwfw
wcffcffcffffffffffffffcffffffffffffffffffcffcffcw
wfwwfwwfwwwwwwwwwwwwwwfwwwwwwwwwwwwwwwwwwfwwfwwfw
wfwwfwwfwwwwwwwwwwwwwwfwwwwwwwwwwwwwwwwwwfwwfwwfw
wcffcffcffcffcwwwwwwwwfwwwwwwwwwwwwcffcffcffcffcw
wwwwfwwfwwfwwfwwwwwwcfcwwwwwwwwwwwwfwwfwwfwwfwwww
wwwwfwwfwwfwwfwwwwwwfwwwwwwwwwwwwwwfwwfwwfwwfwwww
wwwwfwwcffcffcwwwwwwfwwwwwwwwwwwwwwcffcffcwwfwwww
wwwwfwwfwwfwwfwcfcwwfwwwwwwwwwwwwwwfwwfwwfwwfwwww
wwwwfwwfwwfwwfwfwfwwcfffcwwwwwwwwwwfwwfwwfwwfwwww
wwwwfwwcffcffcwfwfwwfwwwfwwwwwwwwwwcffcffcwwfwwww
wwwwfwwwwwwwwfwfwfwwfwwwfwwwwwwwwwwfwwwwwwwwfwwww
wwwwfwwwwwwwwcfcwfwwfwwwfwwwwwwwwwwfwwwwwwwwfwwww
wwwwfwwwwwwwwwwwwfwwfwwwcffcwwwwwwwcffcwwwwwfwwww
wwwwfwwwwwwwwwwwwcffcwwwwwwfwwwwwwwwwwfwwwwwfwwww
wwwwfwwwwwwwwwwwwwwwwwwwwwwfwwwwwcffffcwwwwwfwwww
wwwwfwwwwwwwwwwwwwwwwwwwcffcwwwwwfwwwwwwwwwwfwwww
wwwwfwwwwwwwwwwwwwwwwwwwfwwwwwwwwfwwwwwwwwwwfwwww
wwwwfwwwcfffcwwwwwwwcfffcfffcwwwwcfffffcwwwwfwwww
wwwwfwwwfwwwfwwwwwwwfwwwfwwwfwwwwwwwwwwfwwwwfwwww
wwwwcfffcwwwfwwwwcffcwwwfwwwcffcwwwwwwwfwwwwfwwww
wwwwfwwwfwwwfwwwwfwwwwwwcwwwwwwfwwwwwwwfwwwwfwwww
wwwwfwwwfwwwcffffcfffffcecfffffcffffcwwfwwwwfwwww
wwwwfwwwfwwwwwwwwfwwwwwwcwwwwwwfwwwwfwwfwwwwfwwww
wwwwfwwwfwwwwwwwwcffcwwwfwwwcffcwwwwfwwcffffcwwww
wwwwfwwwfwwwwwwwwwwwfwwwfwwwfwwwwwwwfwwfwwwwfwwww
wwwwfwwwcfffffffcwwwcfffcfffcwwwwwwwcffcwwwwfwwww
wwwwfwwwwwwwwwwwfwwwwwwwfwwwwwwwwwwwwwwwwwwwfwwww
wwwwfwwwwwwwwwwwfwwwwcffcwwwwwwwwwwwwwwwwwwwfwwww
wwwwfwwwwwcfffffcwwwwfwwwwwwwwwwwwwwwwwwwwwwfwwww
wwwwfwwwwwfwwwwwwwwwwfwwwwwwcffcwwwwwwwwwwwwfwwww
wwwwfwwwwwcffcwwwwwwwcffcwwwfwwfwwwwwwwwwwwwfwwww
wwwwfwwwwwwwwfwwwwwwwwwwfwwwfwwfwcfcwwwwwwwwfwwww
wwwwfwwwwwwwwfwwwwwwwwwwfwwwfwwfwfwfwwwwwwwwfwwww
wwwwfwwcffcffcwwwwwwwwwwfwwwfwwfwfwcffcffcwwfwwww
wwwwfwwfwwfwwfwwwwwwwwwwcfffcwwfwfwfwwfwwfwwfwwww
wwwwfwwfwwfwwfwwwwwwwwwwwwwwfwwcfcwfwwfwwfwwfwwww
wwwwfwwcffcffcwwwwwwwwwwwwwwfwwwwwwcffcffcwwfwwww
wwwwfwwfwwfwwfwwwwwwwwwwwwwwfwwwwwwfwwfwwfwwfwwww
wwwwfwwfwwfwwfwwwwwwwwwwwwcfcwwwwwwfwwfwwfwwfwwww
wcffcffcffcffcwwwwwwwwwwwwfwwwwwwwwcffcffcffcffcw
wfwwfwwfwwwwwwwwwwwwwwwwwwfwwwwwwwwwwwwwwfwwfwwfw
wfwwfwwfwwwwwwwwwwwwwwwwwwfwwwwwwwwwwwwwwfwwfwwfw
wcffcffcffffffffffffffffffcffffffffffffffcffcffcw
wfwwfwwfwwwwwwwwwwwwwwwwwwwwwwwwwwwwwwwwwfwwfwwfw
wfwwfwwfwwwwwwwwwwwwwwwwwwwwwwwwwwwwwwwwwfwwfwwfw
wcffcffcwwwwwwwwwwwwwwwwwwwwwwwwwwwwwwwwwcffcffcw
wwwwwwwwwwwwwwwwwwwwwwwwwwwwwwwwwwwwwwwwwwwwwwwww
