51 49
wwwwwwwwwwwwwwwwwwwwwwwwwwwwwwwwwwwwwwwwwwwwwwwww
wfpfffffwwwwwwwwwwwwwwwwwwwwwwwwwwwwwwwwwfffffffw
wfwwfwwfwwwwwwwwwwwwwwwwwwwwwwwwwwwwwwwwwfwwfwwfw
wfwwfwwfwwwwwwwwwwwwwwwwwwwwwwwwwwwwwwwwwfwwfwwfw
wfffffffffffffffffffffffffffffffffffffffffffffffw
wfwwfwwfwwwwwwwwwwwwwwfwwwwwwwwwwwwwwwwwwfwwfwwfw
wfwwfwwfwwwwwwwwwwwwwwfwwwwwwwwwwwwwwwwwwfwwfwwfw
wfffffffffffffwwwwwwwwfwwwwwwwwwwwwfffffffffffffw
wwwwfwwfwwfwwfwwwwwwfffwwwwwwwwwwwwfwwfwwfwwfwwww
wwwwfwwfwwfwwfwwwwwwfwwwwwwwwwwwwwwfwwfwwfwwfwwww
wwwwfwwfffffffwwwwwwfwwwwwwwwwwwwwwfffffffwwfwwww
wwwwfwwfwwfwwfwfffwwfwwwwwwwwwwwwwwfwwfwwfwwfwwww
wwwwfwwfwwfwwfwfwfwwfffffwwwwwwwwwwfwwfwwfwwfwwww
wwwwfwwfffffffwfwfwwfwwwfwwwwwwwwwwfffffffwwfwwww
wwwwfwwwwwwwwfwfwfwwfwwwfwwwwwwwwwwfwwwwwwwwfwwww
wwwwfwwwwwwwwfffwfwwfwwwfwwwwwwwwwwfwwwwwwwwfwwww
wwwwfwwwwwwwwwwwwfwwfwwwffffwwwwwwwffffwwwwwfwwww
wwwwfwwwwwwwwwwwwffffwwwwwwfwwwwwwwwwwfwwwwwfwwww
wwwwfwwwwwwwwwwwwwwwwwwwwwwfwwwwwffffffwwwwwfwwww
wwwwfwwwwwwwwwwwwwwwwwwwffffwwwwwfwwwwwwwwwwfwwww
wwwwfwwwwwwwwwwwwwwwwwwwfwwwwwwwwfwwwwwwwwwwfwwww
wwwwfwwwfffffwwwwwwwfffffffffwwwwfffffffwwwwfwwww
wwwwfwwwfwwwfwwwwwwwfwwwfwwwfwwwwwwwwwwfwwwwfwwww
wwwwfffffwwwfwwwwffffwwwfwwwffffwwwwwwwfwwwwfwwww
wwwwfwwwfwwwfwwwwfwwwwwwfwwwwwwfwwwwwwwfwwwwfwwww
wwwwfwwwfwwwffffffffffffeffffffffffffwwfwwwwfwwww
wwwwfwwwfwwwwwwwwfwwwwwwfwwwwwwfwwwwfwwfwwwwfwwww
wwwwfwwwfwwwwwwwwffffwwwfwwwffffwwwwfwwffffffwwww
wwwwfwwwfwwwwwwwwwwwfwwwfwwwfwwwwwwwfwwfwwwwfwwww
wwwwfwwwfffffffffwwwfffffffffwwwwwwwffffwwwwfwwww
wwwwfwwwwwwwwwwwfwwwwwwwfwwwwwwwwwwwwwwwwwwwfwwww
wwwwfwwwwwwwwwwwfwwwwffffwwwwwwwwwwwwwwwwwwwfwwww
wwwwfwwwwwfffffffwwwwfwwwwwwwwwwwwwwwwwwwwwwfwwww
wwwwfwwwwwfwwwwwwwwwwfwwwwwwffffwwwwwwwwwwwwfwwww
wwwwfwwwwwffffwwwwwwwffffwwwfwwfwwwwwwwwwwwwfwwww
wwwwfwwwwwwwwfwwwwwwwwwwfwwwfwwfwfffwwwwwwwwfwwww
wwwwfwwwwwwwwfwwwwwwwwwwfwwwfwwfwfwfwwwwwwwwfwwww
wwwwfwwfffffffwwwwwwwwwwfwwwfwwfwfwfffffffwwfwwww
wwwwfwwfwwfwwfwwwwwwwwwwfffffwwfwfwfwwfwwfwwfwwww
wwwwfwwfwwfwwfwwwwwwwwwwwwwwfwwfffwfwwfwwfwwfwwww
wwwwfwwfffffffwwwwwwwwwwwwwwfwwwwwwfffffffwwfwwww
wwwwfwwfwwfwwfwwwwwwwwwwwwwwfwwwwwwfwwfwwfwwfwwww
wwwwfwwfwwfwwfwwwwwwwwwwwwfffwwwwwwfwwfwwfwwfwwww
wfffffffffffffwwwwwwwwwwwwfwwwwwwwwfffffffffffffw
wfwwfwwfwwwwwwwwwwwwwwwwwwfwwwwwwwwwwwwwwfwwfwwfw
wfwwfwwfwwwwwwwwwwwwwwwwwwfwwwwwwwwwwwwwwfwwfwwfw
wfffffffffffffffffffffffffffffffffffffffffffffffw
wfwwfwwfwwwwwwwwwwwwwwwwwwwwwwwwwwwwwwwwwfwwfwwfw
wfwwfwwfwwwwwwwwwwwwwwwwwwwwwwwwwwwwwwwwwfwwfwwfw
wfffffffwwwwwwwwwwwwwwwwwwwwwwwwwwwwwwwwwfffffffw
wwwwwwwwwwwwwwwwwwwwwwwwwwwwwwwwwwwwwwwwwwwwwwwww
