43 49
wwwwwwwwwwwwwwwwwwwwwwwwwwwwwwwwwwwwwwwwwwwwwwwww
wcpcfcfcfcfcfcfcfcfcfcfcfcfcfcfcfcfcfcfcfcfcfcfcw
wfwfwfwfwfwfwfwfwfwfwfwfwfwfwfwfwfwfwfwfwfwfwfwfw
wcfcfcfcfcfcfcfcfcfcfcfcfcfcfcfcfcfcfcfcfcfcfcfcw
wfwfwfwfwfwfwfwfwfwfwfwfwfwfwfwfwfwfwfwfwfwfwfwfw
wcfcfcfcfcfcfcfcfcfcfcfcfcfcfcfcfcfcfcfcfcfcfcfcw
wfwfwfwfwfwfwfwfwfwfwfwfwfwfwfwfwfwfwfwfwfwfwfwfw
wcfcfcfcfcfcfcfcfcfcfcfcfcfcfcfcfcfcfcfcfcfcfcfcw
wfwfwfwfwfwfwfwfwfwfwfwfwfwfwfwfwfwfwfwfwfwfwfwfw
wcfcfcfcfcfcfcfcfcfcfcfcfcfcfcfcfcfcfcfcfcfcfcfcw
wfwfwfwfwfwfwfwfwfwfwfwfwfwfwfwfwfwfwfwfwfwfwfwfw
wcfcfcfcfcfcfcfcfcfcfcfcfcfcfcfcfcfcfcfcfcfcfcfcw
wfwfwfwfwfwfwfwfwfwfwfwfwfwfwfwfwfwfwfwfwfwfwfwfw
wcfcfcfcfcfcfcfcfcfcfcfcfcfcfcfcfcfcfcfcfcfcfcfcw
wfwfwfwfwfwfwfwfwfwfwfwfwfwfwfwfwfwfwfwfwfwfwfwfw
wcfcfcfcfcfcfcfcfcfcfcfcfcfcfcfcfcfcfcfcfcfcfcfcw
wfwfwfwfwfwfwfwfwfwfwfwfwfwfwfwfwfwfwfwfwfwfwfwfw
wcfcfcfcfcfcfcfcfcfcfcfcfcfcfcfcfcfcfcfcfcfcfcfcw
wfwfwfwfwfwfwfwfwfwfwfwfwfwfwfwfwfwfwfwfwfwfwfwfw
wcfcfcfcfcfcfcfcfcfcfcfcfcfcfcfcfcfcfcfcfcfcfcfcw
wfwfwfwfwfwfwfwfwfwfwfwfwfwfwfwfwfwfwfwfwfwfwfwfw
wcfcfcfcfcfcfcfcfcfcfcfcfcfcfcfcfcfcfcfcfcfcfcfcw
wfwfwfwfwfwfwfwfwfwfwfwfwfwfwfwfwfwfwfwfwfwfwfwfw
wcfcfcfcfcfcfcfcfcfcfcfcfcfcfcfcfcfcfcfcfcfcfcfcw
wfwfwfwfwfwfwfwfwfwfwfwfwfwfwfwfwfwfwfwfwfwfwfwfw
wcfcfcfcfcfcfcfcfcfcfcfcfcfcfcfcfcfcfcfcfcfcfcfcw
wfwfwfwfwfwfwfwfwfwfwfwfwfwfwfwfwfwfwfwfwfwfwfwfw
wcfcfcfcfcfcfcfcfcfcfcfcfcfcfcfcfcfcfcfcfcfcfcfcw
wfwfwfwfwfwfwfwfwfwfwfwfwfwfwfwfwfwfwfwfwfwfwfwfw
wcfcfcfcfcfcfcfcfcfcfcfcfcfcfcfcfcfcfcfcfcfcfcfcw
wfwfwfwfwfwfwfwfwfwfwfwfwfwfwfwfwfwfwfwfwfwfwfwfw
wcfcfcfcfcfcfcfcfcfcfcfcfcfcfcfcfcfcfcfcfcfcfcfcw
wfwfwfwfwfwfwfwfwfwfwfwfwfwfwfwfwfwfwfwfwfwfwfwfw
wcfcfcfcfcfcfcfcfcfcfcfcfcfcfcfcfcfcfcfcfcfcfcfcw
wfwfwfwfwfwfwfwfwfwfwfwfwfwfwfwfwfwfwfwfwfwfwfwfw
wcfcfcfcfcfcfcfcfcfcfcfcfcfcfcfcfcfcfcfcfcfcfcfcw
wfwfwfwfwfwfwfwfwfwfwfwfwfwfwfwfwfwfwfwfwfwfwfwfw
wcfcfcfcfcfcfcfcfcfcfcfcfcfcfcfcfcfcfcfcfcfcfcfcw
wfwfwfwfwfwfwfwfwfwfwfwfwfwfwfwfwfwfwfwfwfwfefefw
wcfcfcfcfcfcfcfcfcfcfcfcfcfcfcfcfcfcfcfcfcfcfcfcw
wfwfwfwfwfwfwfwfwfwfwfwfwfwfwfwfwfwfwfwfwfwfefefw
wcfcfcfcfcfcfcfcfcfcfcfcfcfcfcfcfcfcfcfcfcfcfcfcw
wwwwwwwwwwwwwwwwwwwwwwwwwwwwwwwwwwwwwwwwwwwwwwwww
