43 49
wwwwwwwwwwwwwwwwwwwwwwwwwwwwwwwwwwwwwwwwwwwwwwwww
wfpfffffffffffffffffffffffffffffffffffffffffffffw
wfwfwfwfwfwfwfwfwfwfwfwfwfwfwfwfwfwfwfwfwfwfwfwfw
wfffffffffffffffffffffffffffffffffffffffffffffffw
wfwfwfwfwfwfwfwfwfwfwfwfwfwfwfwfwfwfwfwfwfwfwfwfw
wfffffffffffffffffffffffffffffffffffffffffffffffw
wfwfwfwfwfwfwfwfwfwfwfwfwfwfwfwfwfwfwfwfwfwfwfwfw
wfffffffffffffffffffffffffffffffffffffffffffffffw
wfwfwfwfwfwfwfwfwfwfwfwfwfwfwfwfwfwfwfwfwfwfwfwfw
wfffffffffffffffffffffffffffffffffffffffffffffffw
wfwfwfwfwfwfwfwfwfwfwfwfwfwfwfwfwfwfwfwfwfwfwfwfw
wfffffffffffffffffffffffffffffffffffffffffffffffw
wfwfwfwfwfwfwfwfwfwfwfwfwfwfwfwfwfwfwfwfwfwfwfwfw
wfffffffffffffffffffffffffffffffffffffffffffffffw
wfwfwfwfwfwfwfwfwfwfwfwfwfwfwfwfwfwfwfwfwfwfwfwfw
wfffffffffffffffffffffffffffffffffffffffffffffffw
wfwfwfwfwfwfwfwfwfwfwfwfwfwfwfwfwfwfwfwfwfwfwfwfw
wfffffffffffffffffffffffffffffffffffffffffffffffw
wfwfwfwfwfwfwfwfwfwfwfwfwfwfwfwfwfwfwfwfwfwfwfwfw
wfffffffffffffffffffffffffffffffffffffffffffffffw
wfwfwfwfwfwfwfwfwfwfwfwfwfwfwfwfwfwfwfwfwfwfwfwfw
wfffffffffffffffffffffffffffffffffffffffffffffffw
wfwfwfwfwfwfwfwfwfwfwfwfwfwfwfwfwfwfwfwfwfwfwfwfw
wfffffffffffffffffffffffffffffffffffffffffffffffw
wfwfwfwfwfwfwfwfwfwfwfwfwfwfwfwfwfwfwfwfwfwfwfwfw
wfffffffffffffffffffffffffffffffffffffffffffffffw
wfwfwfwfwfwfwfwfwfwfwfwfwfwfwfwfwfwfwfwfwfwfwfwfw
wfffffffffffffffffffffffffffffffffffffffffffffffw
wfwfwfwfwfwfwfwfwfwfwfwfwfwfwfwfwfwfwfwfwfwfwfwfw
wfffffffffffffffffffffffffffffffffffffffffffffffw
wfwfwfwfwfwfwfwfwfwfwfwfwfwfwfwfwfwfwfwfwfwfwfwfw
wfffffffffffffffffffffffffffffffffffffffffffffffw
wfwfwfwfwfwfwfwfwfwfwfwfwfwfwfwfwfwfwfwfwfwfwfwfw
wfffffffffffffffffffffffffffffffffffffffffffffffw
wfwfwfwfwfwfwfwfwfwfwfwfwfwfwfwfwfwfwfwfwfwfwfwfw
wfffffffffffffffffffffffffffffffffffffffffffffffw
wfwfwfwfwfwfwfwfwfwfwfwfwfwfwfwfwfwfwfwfwfwfwfwfw
wfffffffffffffffffffffffffffffffffffffffffffffffw
wfwfwfwfwfwfwfwfwfwfwfwfwfwfwfwfwfwfwfwfwfwfefefw
wfffffffffffffffffffffffffffffffffffffffffffffffw
wfwfwfwfwfwfwfwfwfwfwfwfwfwfwfwfwfwfwfwfwfwfefefw
wfffffffffffffffffffffffffffffffffffffffffffffffw
wwwwwwwwwwwwwwwwwwwwwwwwwwwwwwwwwwwwwwwwwwwwwwwww
