33 30
wwwwwwwwwwwwwwwwwwwwwwwwwwwwww
wcpcwwcffffffcffffcwcfffffcwww
wfwfwwfwwwwwwfwwwwfwwwwwwwfwww
wcfcffcwwcfcfcffffcfffcfcfcwww
wwwfwwfwwfwfwwwwwwwwwwfwfwwwww
wwwfwwcffcwfwwwwwwwwwwfwfwwwww
wcfcfcwwwfwcfffcfffcwwfwcfcwww
wfwfwfwwwfwwwwwfwwwfwwfwwwfwww
wfwfwcfffcwcfcwfwcfcffcfffcwww
wfwfwwwwwfwfwfwfwfwfwwfwwwfwww
wcfcffcffcfcwcfcfcfcwwfwwwcfcw
wfwwwwfwwfwwwwwfwfwwwwfwwwfwfw
wcffffcffcfffcfcwfwwwwfwwwfwcw
wfwwwwwwwwwwwfwwwfwwwwfwwwfwww
wfwwwwcffcwwwfwwwfwwcfcfcwfwcw
wfwwwwfwwfwwwfwwwfwwfwwwfwfwfw
wfwwwwfwwfwwwfwwwfwwfwcfcwcfcw
wcffffcwwfwwwfwwwfwwfwfwwwfwww
wfwwwwwwwcfffcwwwfwwfwcfcwcfcw
wfwwwwwwwwwwwfwwwcffcwwwfwfwfw
wcffffffffcwwfwwwfwwfwcfcwfwcw
wwwwwwwwwwfwwcfffcwwcwfwwwfwww
wcffffffffcwwfwwwwwwwwcfcwfwcw
wfwwwwwwwwwwwfwcfcwcfcwwfwfwfw
wfwwwwwwwwwwwfwfwfwfwfwwfwcfcw
wcfffffffffffcfcwcfcwcffcefwww
wfwwwwwwwwwwwwwwwwwwwwwweefwww
wcfcffffcffffffffcfcffcfffcwww
wwwfwwwwfwwwwwwwwfwfwwfwwwwwww
wwwcffffcffffffffcfcwwfwwwwwww
wwwwwwwwfwwwwwwwwfwwwwfwwwwwww
wwwwwwwwcffffffffcffffcwwwwwww
wwwwwwwwwwwwwwwwwwwwwwwwwwwwww
