33 30
wwwwwwwwwwwwwwwwwwwwwwwwwwwwww
wfpfwwfffffffffffffwfffffffwww
wfwfwwfwwwwwwfwwwwfwwwwwwwfwww
wffffffwwffffffffffffffffffwww
wwwfwwfwwfwfwwwwwwwwwwfwfwwwww
wwwfwwffffwfwwwwwwwwwwfwfwwwww
wfffffwwwfwfffffffffwwfwfffwww
wfwfwfwwwfwwwwwfwwwfwwfwwwfwww
wfwfwfffffwfffwfwffffffffffwww
wfwfwwwwwfwfwfwfwfwfwwfwwwfwww
wfffffffffffwfffffffwwfwwwfffw
wfwwwwfwwfwwwwwfwfwwwwfwwwfwfw
wfffffffffffffffwfwwwwfwwwfwfw
wfwwwwwwwwwwwfwwwfwwwwfwwwfwww
wfwwwwffffwwwfwwwfwwfffffwfwfw
wfwwwwfwwfwwwfwwwfwwfwwwfwfwfw
wfwwwwfwwfwwwfwwwfwwfwfffwfffw
wffffffwwfwwwfwwwfwwfwfwwwfwww
wfwwwwwwwfffffwwwfwwfwfffwfffw
wfwwwwwwwwwwwfwwwffffwwwfwfwfw
wffffffffffwwfwwwfwwfwfffwfwfw
wwwwwwwwwwfwwfffffwwfwfwwwfwww
wffffffffffwwfwwwwwwwwfffwfwfw
wfwwwwwwwwwwwfwfffwfffwwfwfwfw
wfwwwwwwwwwwwfwfwfwfwfwwfwfffw
wfffffffffffffffwfffwffffefwww
wfwwwwwwwwwwwwwwwwwwwwwweefwww
wffffffffffffffffffffffffffwww
wwwfwwwwfwwwwwwwwfwfwwfwwwwwww
wwwfffffffffffffffffwwfwwwwwww
wwwwwwwwfwwwwwwwwfwwwwfwwwwwww
wwwwwwwwfffffffffffffffwwwwwww
wwwwwwwwwwwwwwwwwwwwwwwwwwwwww
